version https://git-lfs.github.com/spec/v1
oid sha256:dad833b49d1a88ec6d538c4aa4426d170bbee68aaa237799dd08da791b04f6ff
size 52
