> Task :list:compileJava
> Task :utilities:compileJava
> Task :application:compileJava
> Task :application:processResources NO-SOURCE
> Task :application:classes
> Task :application:compileTestJava NO-SOURCE
> Task :application:processTestResources NO-SOURCE
> Task :application:testClasses UP-TO-DATE
> Task :list:processResources NO-SOURCE
> Task :list:classes
> Task :list:jar
> Task :utilities:processResources NO-SOURCE
> Task :utilities:classes
> Task :utilities:jar
> Task :application:test NO-SOURCE
> Task :list:compileTestJava NO-SOURCE
> Task :list:processTestResources NO-SOURCE
> Task :list:testClasses UP-TO-DATE
> Task :list:test NO-SOURCE
> Task :utilities:compileTestJava NO-SOURCE
> Task :utilities:processTestResources NO-SOURCE
> Task :utilities:testClasses UP-TO-DATE
> Task :utilities:test NO-SOURCE

BUILD SUCCESSFUL in 0s
5 actionable tasks: 5 executed
